** Drc report for _opamp_test.kicad_pcb **
** Created on 2026-07-20T04:30:05 **
** Report includes: Errors, Warnings **

** Found 3 DRC violations **
[silk_over_copper]: Silkscreen clipped by solder mask
    Local override; warning
    @(-0.0150 mm, -5.1800 mm): Reference field of R4
    @(-0.0150 mm, -6.0050 mm): Pad 2 [VREF] of R4 on F.Cu
[silk_over_copper]: Silkscreen clipped by solder mask
    Local override; warning
    @(-2.4750 mm, -5.1800 mm): Reference field of R3
    @(-2.4750 mm, -6.0050 mm): Pad 1 [VREF] of R3 on F.Cu
[silk_over_copper]: Silkscreen clipped by solder mask
    Local override; warning
    @(2.4450 mm, -5.1800 mm): Reference field of R5
    @(2.4450 mm, -6.0050 mm): Pad 1 [VREF] of R5 on F.Cu

** Found 0 unconnected pads **

** Found 0 Footprint errors **

** Ignored checks **
    - Footprint has no courtyard defined
    - Track endpoint not centered on via
    - Tuning profile track geometries
    - Footprint doesn't match symbol's footprint filters
    - Footprint component type doesn't match footprint pads

** End of Report **
