** Drc report for _rc_lowpass.kicad_pcb **
** Created on 2026-07-20T04:39:28 **
** Report includes: Errors, Warnings **

** Found 4 DRC violations **
[tracks_crossing]: Tracks crossing
    Local override; error
    @(-2.8050 mm, 0.0000 mm): Track [VOUT] on F.Cu, length 1.9800 mm
    @(-0.8250 mm, 0.0000 mm): Track [VIN] on F.Cu, length 2.3100 mm
[tracks_crossing]: Tracks crossing
    Local override; error
    @(-4.7850 mm, 0.0000 mm): Track [VOUT] on F.Cu, length 1.9800 mm
    @(-0.8250 mm, 0.0000 mm): Track [VIN] on F.Cu, length 2.3100 mm
[solder_mask_bridge]: Front solder mask aperture bridges items with different nets
    Rule: board setup solder mask min width; error
    @(-4.7850 mm, 0.0000 mm): Track [VOUT] on F.Cu, length 1.9800 mm
    @(-3.1350 mm, 0.0000 mm): Pad 1 [VIN] of R1 on F.Cu
[solder_mask_bridge]: Front solder mask aperture bridges items with different nets
    Rule: board setup solder mask min width; error
    @(-2.8050 mm, 0.0000 mm): Track [VOUT] on F.Cu, length 1.9800 mm
    @(-3.1350 mm, 0.0000 mm): Pad 1 [VIN] of R1 on F.Cu

** Found 0 unconnected pads **

** Found 0 Footprint errors **

** Ignored checks **
    - Footprint has no courtyard defined
    - Track endpoint not centered on via
    - Tuning profile track geometries
    - Footprint doesn't match symbol's footprint filters
    - Footprint component type doesn't match footprint pads

** End of Report **
